# Mobile App Setup Log
Date: 2026-01-10
Platform: Android
Framework: Capacitor + Vue.js

## Setup Process Log

### Step 1: Branch Creation
- Created new branch: mobile-app
- Based on: Relationships branch (includes name editing fix)
- Status: ✅ COMPLETED
- Time: 2026-01-10 14:45

---

### Step 2: Installing Capacitor Dependencies
- Installing @capacitor/core
- Installing @capacitor/cli
- Installing @capacitor/android
- Status: ✅ COMPLETED
- Result: 95 packages added successfully
- Time: 2026-01-10 14:46

---

### Step 3: Initializing Capacitor
- Configuring app name: Family Directory
- Configuring app ID: com.neumanfam.familydirectory
- Setting web directory: dist
- Server URL: https://neumanfam.com
- Status: ✅ COMPLETED
- Time: 2026-01-10 14:47

---

### Step 4: Building Web Application
- Running: npm run build
- Status: ✅ COMPLETED
- Result: 442 modules transformed, built in 3.59s
- Output: dist/ directory with optimized assets
- Time: 2026-01-10 14:48

---

### Step 5: Adding Android Platform
- Running: npx cap add android
- This will create the android/ directory with native Android project
- Status: ✅ COMPLETED
- Created: frontend/android/ directory with native Android project
- Assets copied to: android/app/src/main/assets/public
- Gradle synced successfully
- Time: 2026-01-10 14:49

---

## Summary of Changes

### Files Created:
1. frontend/capacitor.config.json - Capacitor configuration
2. frontend/android/ - Complete Android project directory
3. MOBILE_APP_SETUP.log - This log file

### Dependencies Added:
- @capacitor/core
- @capacitor/cli
- @capacitor/android
- 95 total packages

### Configuration:
- App ID: com.neumanfam.familydirectory
- App Name: Family Directory
- Server URL: https://neumanfam.com
- Web Directory: dist

---

## Next Steps (Manual Actions Required)

### Prerequisites You Need:
1. **Android Studio** - Download from https://developer.android.com/studio
2. **Java JDK 17** - Required by Android Studio
3. **Android SDK** - Installed automatically via Android Studio

### To Build the APK:

1. **Open Android Studio:**
   ```bash
   cd frontend
   npx cap open android
   ```

2. **Wait for Gradle Sync:**
   - Android Studio will automatically sync Gradle dependencies
   - This may take 5-10 minutes the first time

3. **Build APK:**
   - Click: Build > Build Bundle(s) / APK(s) > Build APK(s)
   - Wait for build to complete

4. **Find Your APK:**
   - Location: frontend/android/app/build/outputs/apk/debug/app-debug.apk
   - This is your installable Android app!

### To Test the APK:

**Option 1: Install on Physical Android Device**
- Enable USB Debugging on your phone
- Connect phone via USB
- Click the green "Run" button in Android Studio

**Option 2: Use Android Emulator**
- Click: Tools > Device Manager
- Create a virtual device
- Click the green "Run" button in Android Studio

---

## Troubleshooting

### Common Issues:

**"Gradle sync failed"**
- Solution: File > Invalidate Caches / Restart

**"SDK not found"**
- Solution: Install Android SDK via Android Studio SDK Manager

**"Java version mismatch"**
- Solution: Ensure JDK 17 is installed and set as JAVA_HOME

---

---

### Step 6: Git Commit
- Committed all changes to mobile-app branch
- Status: ✅ COMPLETED
- Commits:
  1. Add Android mobile app support with Capacitor (0a8845f)
  2. Add native Android project files (078bfc7)
- Files committed: 59 files total
- Time: 2026-01-10 14:51

---

## ✅ Setup Complete - Ready for Android Studio!

### What Was Done:
1. ✅ Created mobile-app branch
2. ✅ Installed Capacitor dependencies (95 packages)
3. ✅ Configured Capacitor (capacitor.config.json)
4. ✅ Built web application for production
5. ✅ Added Android platform
6. ✅ Created comprehensive documentation
7. ✅ Committed all changes to git

### Branch Information:
- **Branch:** mobile-app
- **Base:** Relationships branch
- **Commits:** 2 commits ahead
- **Status:** Ready to merge or deploy

### Next Steps:
See ANDROID_BUILD_GUIDE.md for detailed instructions on:
- Installing Android Studio
- Opening the project
- Building the APK
- Installing on devices
